runtime/cgo
plugin
github.com/google/gousb
net
github.com/bettercap/nrf24
github.com/bettercap/gatt
github.com/gopacket/gopacket
github.com/malfunkt/iprange
vendor/golang.org/x/net/http/httpproxy
github.com/mitchellh/mapstructure
crypto/x509
github.com/bettercap/readline
net/textproto
golang.org/x/net/internal/socket
golang.org/x/net/nettest
vendor/golang.org/x/net/http/httpguts
golang.org/x/net/internal/socks
golang.org/x/net/proxy
github.com/mdlayher/dhcp6/dhcp6opts
github.com/stratoberry/go-gpsd
golang.org/x/net/ipv4
golang.org/x/net/ipv6
golang.org/x/net/http/httpguts
github.com/gopacket/gopacket/layers
github.com/mdlayher/netlink
go.einride.tech/can/pkg/socketcan
crypto/tls
net/http/httptrace
github.com/thoj/go-ircevent
github.com/miekg/dns
github.com/elazarl/goproxy/internal/signer
net/http
github.com/gopacket/gopacket/pcap
github.com/gopacket/gopacket/pcapgo
github.com/bettercap/bettercap/v2/modules/zerogod/zeroconf
github.com/bettercap/bettercap/v2/network
github.com/inconshreveable/go-vhost
net/http/cookiejar
github.com/gorilla/websocket
github.com/phin1x/go-ipp
golang.org/x/net/http2
github.com/elazarl/goproxy
github.com/bettercap/bettercap/v2/js
github.com/bettercap/bettercap/v2/packets
github.com/bettercap/bettercap/v2/session
github.com/bettercap/bettercap/v2/modules/arp_spoof
github.com/bettercap/bettercap/v2/tls
github.com/bettercap/bettercap/v2/modules/can
github.com/bettercap/bettercap/v2/modules/syn_scan
github.com/bettercap/bettercap/v2/modules/dns_spoof
github.com/bettercap/bettercap/v2/modules/net_sniff
github.com/bettercap/bettercap/v2/modules/dhcp6_spoof
github.com/bettercap/bettercap/v2/modules/hid
github.com/bettercap/bettercap/v2/modules/mac_changer
github.com/bettercap/bettercap/v2/modules/dns_proxy
github.com/bettercap/bettercap/v2/modules/http_proxy
github.com/bettercap/bettercap/v2/modules/mysql_server
github.com/bettercap/bettercap/v2/modules/wifi
github.com/bettercap/bettercap/v2/modules/zerogod
github.com/bettercap/bettercap/v2/modules/ndp_spoof
github.com/bettercap/bettercap/v2/modules/net_probe
github.com/bettercap/bettercap/v2/modules/packet_proxy
github.com/bettercap/bettercap/v2/modules/tcp_proxy
github.com/bettercap/bettercap/v2/modules/wol
github.com/bettercap/bettercap/v2
